rand =  3.907985E-14
rand =  9.853947E-04
rand =  4.163100E-02
rand =  1.766426E-01
rand =  3.646022E-01
rand =  9.133061E-02
rand =  9.229765E-02
rand =  4.872172E-01
rand =  5.267503E-01
rand =  4.544334E-01
rand =  2.331784E-01
rand =  8.312918E-01
rand =  9.317315E-01
rand =  5.680596E-01
rand =  5.560943E-01
rand =  5.083191E-02
rand =  7.670512E-01
rand =  1.891480E-02
rand =  2.523597E-01
rand =  2.981972E-01
