rand = 0
rand = 6118
rand = 1895
rand = 7186
rand = 7366
rand = 996
rand = 7689
rand = 1021
rand = 7612
rand = 8346
rand = 6873
rand = 5521
rand = 8121
rand = 8729
rand = 3485
rand = 704
rand = 9822
rand = 9231
rand = 8462
rand = 3553
